/COM,ANSYS RELEASE 2026 R1           BUILD 26.1      UP20260202       20:25:12

 *** WARNING ***                         ELAPSED TIME =       7.354   TIME= 20:25:13
 Element shape checking is currently inactive.  Issue SHPP,ON or         
 SHPP,WARN to reactivate, if desired.                                    

 *** WARNING ***                         ELAPSED TIME =       7.364   TIME= 20:25:13
 MPC184 elements are being used in the current analysis and the          
 NLGEOM,ON command has not been used.  Thus, only linearized behavior    
 will be considered.  If finite rotation and large deflection effects    
 are to be considered, please use the NLGEOM,ON command.                 

 *** WARNING ***                         ELAPSED TIME =       7.399   TIME= 20:25:13
 Material number 105 (used by element 1068) should normally have at      
 least one MP or one TB type command associated with it.  Output of      
 energy by material may not be available.                                

 *** WARNING ***                         ELAPSED TIME =       7.582   TIME= 20:25:14
 Overconstraint may occur for Lagrange multiplier or MPC based contact   
 algorithm.                                                              

 *** WARNING ***                         ELAPSED TIME =       7.582   TIME= 20:25:14
 Certain contact elements (for example 1290 & 1262) overlap with other.  

 *** WARNING ***                         ELAPSED TIME =       7.715   TIME= 20:25:14
 The independent nodes of force-distributed-surface constraint (real ID  
 74) are found collinear.  However, because of rotation degrees of       
 freedom existed in the underlying element(s), the moment component      
 that is parallel to the collinear axis will be calculated based on      
 those rotations.  You can increase the condition number threshold at    
 seventh field (PZER) of this real ID if you find this pair should not   
 be identified as collinear (default is 1e4).                            

 *** WARNING ***                         ELAPSED TIME =       7.716   TIME= 20:25:14
 The independent nodes of force-distributed-surface constraint (real ID  
 76) are found collinear.  However, because of rotation degrees of       
 freedom existed in the underlying element(s), the moment component      
 that is parallel to the collinear axis will be calculated based on      
 those rotations.  You can increase the condition number threshold at    
 seventh field (PZER) of this real ID if you find this pair should not   
 be identified as collinear (default is 1e4).                            

 *** WARNING ***                         ELAPSED TIME =       7.725   TIME= 20:25:14
 376 constraints specified, but exactly 6 needed for 3-D inertia         
 relief.                                                                 
  Maybe OK if symmetry constraints or internal MPC are included.  Check  
 that the reactions at all constraints are zero.                         

 *** WARNING ***                         ELAPSED TIME =       8.172   TIME= 20:25:14
 Pivoting has been activated for the Sparse Matrix Solver.  The memory   
 required may greatly exceed the predicted amount.  In that event, use   
 the DSPOPTION command to change the memory mode and/or memory size      
 used by the Sparse Matrix Solver.                                       
